// Jest Snapshot v1, https://goo.gl/fbAQLP

exports[`matches snapshot 1`] = `
<DocumentFragment>
  <div
    class="LoginForm"
  >
    <div
      class="form-container container col-md-6 offset-md-3 col-lg-6 offset-lg-3 mt-5 pt-5"
    >
      <h2
        class="form-title display-2 mb-3 text-center"
      >
        - Login -
      </h2>
      <div
        class="form-card card"
      >
        <div
          class="card-body"
        >
          <form>
            <div
              class="form-group"
            >
              <label>
                Username
              </label>
              <input
                class="form-control"
                name="username"
                value=""
              />
            </div>
            <div
              class="form-group"
            >
              <label>
                Password
              </label>
              <input
                class="form-control"
                name="password"
                type="password"
                value=""
              />
            </div>
            <button
              class="submit-button btn btn-primary float-right"
              type="submit"
            >
              Submit
            </button>
          </form>
        </div>
      </div>
      <h2
        class="form-redirect text-center mt-3"
      >
        Don't have an account? Sign up 
        <a
          href="/signup"
        >
          here
        </a>
      </h2>
    </div>
  </div>
</DocumentFragment>
`;
